    Checking gpu-bridge v0.1.0 (/app/gpu-bridge)
    Finished `release` profile [optimized] target(s) in 0.38s
warning: the following packages contain code that will be rejected by a future version of Rust: xml5ever v0.16.2
note: to see what the problems were, use the option `--future-incompat-report`, or run `cargo report future-incompatibilities --id 1`
