    Finished `test` profile [unoptimized + debuginfo] target(s) in 0.39s
warning: the following packages contain code that will be rejected by a future version of Rust: xml5ever v0.16.2
note: to see what the problems were, use the option `--future-incompat-report`, or run `cargo report future-incompatibilities --id 1`
     Running unittests src/main.rs (target/debug/deps/api-a743da0f360efa29)

running 0 tests

test result: ok. 0 passed; 0 failed; 0 ignored; 0 measured; 0 filtered out; finished in 0.00s

     Running unittests src/lib.rs (target/debug/deps/cognition-4c826d918ee338fc)

running 3 tests
test sequence::tests::test_deep_context_decay ... ok
test sequence::tests::test_sequence_window_recall ... ok
test sequence::tests::test_long_context_stability ... ok

test result: ok. 3 passed; 0 failed; 0 ignored; 0 measured; 0 filtered out; finished in 0.82s

     Running tests/security_tests.rs (target/debug/deps/security_tests-6568243a88382cde)

running 1 test
test test_basic_graph_ops ... ok

test result: ok. 1 passed; 0 failed; 0 ignored; 0 measured; 0 filtered out; finished in 0.00s

     Running unittests src/lib.rs (target/debug/deps/core_vsa-efbdd98ba8f2c180)

running 2 tests
test tests::test_binding_unbinding ... ok
test tests::test_noise_resilience ... ok

test result: ok. 2 passed; 0 failed; 0 ignored; 0 measured; 0 filtered out; finished in 0.01s

     Running tests/vsa_test.rs (target/debug/deps/vsa_test-058b4f6917951c08)

running 2 tests
test test_binding_reversibility ... ok
test test_bundling_similarity ... ok

test result: ok. 2 passed; 0 failed; 0 ignored; 0 measured; 0 filtered out; finished in 0.00s

     Running unittests src/lib.rs (target/debug/deps/dataset-cd58776923b47df5)

running 0 tests

test result: ok. 0 passed; 0 failed; 0 ignored; 0 measured; 0 filtered out; finished in 0.00s

     Running unittests src/lib.rs (target/debug/deps/engine-e23d21e9be9263d5)

running 0 tests

test result: ok. 0 passed; 0 failed; 0 ignored; 0 measured; 0 filtered out; finished in 0.00s

     Running tests/goal_persistence.rs (target/debug/deps/goal_persistence-c01ea5f3f3d78b98)

running 1 test
test test_omnimind_forge_to_runtime ... ok

test result: ok. 1 passed; 0 failed; 0 ignored; 0 measured; 0 filtered out; finished in 15.60s

     Running tests/industrial_test.rs (target/debug/deps/industrial_test-f37cc126d3ddd393)

running 5 tests
test test_industrial_meaning_extraction ... ok
test test_delta_snapshots_and_forgetting ... ok
test test_memory_prototype_merging ... ok
test test_vision_grammar_and_entropy ... ok
test test_hardware_adaptation_and_multilingual ... ok

test result: ok. 5 passed; 0 failed; 0 ignored; 0 measured; 0 filtered out; finished in 15.57s

     Running tests/integration_test.rs (target/debug/deps/integration_test-0883f2e0f6d20c87)

running 3 tests
test tests::test_svo_query ... ok
test tests::test_omni_mind_learning_and_inference ... ok
test tests::test_persistence ... ok

test result: ok. 3 passed; 0 failed; 0 ignored; 0 measured; 0 filtered out; finished in 15.46s

     Running unittests src/lib.rs (target/debug/deps/fabricator-c6e139b94810d058)

running 0 tests

test result: ok. 0 passed; 0 failed; 0 ignored; 0 measured; 0 filtered out; finished in 0.00s

     Running tests/full_pipeline.rs (target/debug/deps/full_pipeline-be737ad7827da7c7)

running 1 test
test test_full_pipeline ... ok

test result: ok. 1 passed; 0 failed; 0 ignored; 0 measured; 0 filtered out; finished in 23.35s

     Running tests/lifecycle_test.rs (target/debug/deps/lifecycle_test-220fa9ad44ac69ce)

running 1 test
test test_lifecycle_states ... ok

test result: ok. 1 passed; 0 failed; 0 ignored; 0 measured; 0 filtered out; finished in 7.76s

     Running tests/pack_test.rs (target/debug/deps/pack_test-9bfd0f1e53f4a2bc)

running 1 test
test test_pack_and_clone ... ok

test result: ok. 1 passed; 0 failed; 0 ignored; 0 measured; 0 filtered out; finished in 23.27s

     Running unittests src/lib.rs (target/debug/deps/gpu_bridge-a9a79434d81ab496)

running 0 tests

test result: ok. 0 passed; 0 failed; 0 ignored; 0 measured; 0 filtered out; finished in 0.00s

     Running unittests src/lib.rs (target/debug/deps/hte-7ea09201ce5823e1)

running 0 tests

test result: ok. 0 passed; 0 failed; 0 ignored; 0 measured; 0 filtered out; finished in 0.00s

     Running tests/detection_test.rs (target/debug/deps/detection_test-ab02cd9266e30d1f)

running 1 test
test test_hardware_detection ... ok

test result: ok. 1 passed; 0 failed; 0 ignored; 0 measured; 0 filtered out; finished in 7.62s

     Running tests/hardware_invariance.rs (target/debug/deps/hardware_invariance-a802fd8841638197)

running 1 test
test tests::test_hardware_invariance ... ok

test result: ok. 1 passed; 0 failed; 0 ignored; 0 measured; 0 filtered out; finished in 0.00s

     Running unittests src/lib.rs (target/debug/deps/ingestion-1be21d776147196a)

running 0 tests

test result: ok. 0 passed; 0 failed; 0 ignored; 0 measured; 0 filtered out; finished in 0.00s

     Running tests/fallback_test.rs (target/debug/deps/fallback_test-b110bb4ee547dffc)

running 3 tests
test test_symbol_extractor_binary ... ok
test test_symbol_extractor_mixed ... ok
test test_symbol_extractor_text ... ok

test result: ok. 3 passed; 0 failed; 0 ignored; 0 measured; 0 filtered out; finished in 0.00s

     Running tests/format_tests.rs (target/debug/deps/format_tests-10dce5087294e499)

running 1 test
test test_zip_ingestion ... ok

test result: ok. 1 passed; 0 failed; 0 ignored; 0 measured; 0 filtered out; finished in 0.01s

     Running tests/universal_test.rs (target/debug/deps/universal_test-7c3d0a5535adc16c)

running 2 tests
test test_universal_adapter_binary ... ok
test test_universal_adapter_text ... ok

test result: ok. 2 passed; 0 failed; 0 ignored; 0 measured; 0 filtered out; finished in 0.00s

     Running unittests src/lib.rs (target/debug/deps/learning-5df6580a5f122e08)

running 0 tests

test result: ok. 0 passed; 0 failed; 0 ignored; 0 measured; 0 filtered out; finished in 0.00s

     Running unittests src/lib.rs (target/debug/deps/memory-ab33a1efdb753c28)

running 2 tests
test tests::tests::test_bit_flip_recovery ... ok
test tests::tests::test_memory_hierarchy ... ok

test result: ok. 2 passed; 0 failed; 0 ignored; 0 measured; 0 filtered out; finished in 0.11s

     Running unittests src/lib.rs (target/debug/deps/neural-5aa2c26551d4ed0d)

running 0 tests

test result: ok. 0 passed; 0 failed; 0 ignored; 0 measured; 0 filtered out; finished in 0.00s

     Running unittests src/lib.rs (target/debug/deps/omniforge-8014d4a58e80ec9f)

running 0 tests

test result: ok. 0 passed; 0 failed; 0 ignored; 0 measured; 0 filtered out; finished in 0.00s

     Running unittests src/main.rs (target/debug/deps/omniforge-25708dc44782b2b4)

running 0 tests

test result: ok. 0 passed; 0 failed; 0 ignored; 0 measured; 0 filtered out; finished in 0.00s

     Running unittests src/lib.rs (target/debug/deps/perception-ea845c8de4966844)

running 0 tests

test result: ok. 0 passed; 0 failed; 0 ignored; 0 measured; 0 filtered out; finished in 0.00s

     Running unittests src/lib.rs (target/debug/deps/runtime-779032c8947729b4)

running 0 tests

test result: ok. 0 passed; 0 failed; 0 ignored; 0 measured; 0 filtered out; finished in 0.00s

     Running unittests src/main.rs (target/debug/deps/xtask-dbae400c638a4742)

running 0 tests

test result: ok. 0 passed; 0 failed; 0 ignored; 0 measured; 0 filtered out; finished in 0.00s

   Doc-tests cognition

running 0 tests

test result: ok. 0 passed; 0 failed; 0 ignored; 0 measured; 0 filtered out; finished in 0.00s

   Doc-tests core_vsa

running 0 tests

test result: ok. 0 passed; 0 failed; 0 ignored; 0 measured; 0 filtered out; finished in 0.00s

   Doc-tests dataset

running 0 tests

test result: ok. 0 passed; 0 failed; 0 ignored; 0 measured; 0 filtered out; finished in 0.00s

   Doc-tests engine

running 0 tests

test result: ok. 0 passed; 0 failed; 0 ignored; 0 measured; 0 filtered out; finished in 0.00s

   Doc-tests fabricator

running 0 tests

test result: ok. 0 passed; 0 failed; 0 ignored; 0 measured; 0 filtered out; finished in 0.00s

   Doc-tests gpu_bridge

running 0 tests

test result: ok. 0 passed; 0 failed; 0 ignored; 0 measured; 0 filtered out; finished in 0.00s

   Doc-tests hte

running 0 tests

test result: ok. 0 passed; 0 failed; 0 ignored; 0 measured; 0 filtered out; finished in 0.00s

   Doc-tests ingestion

running 0 tests

test result: ok. 0 passed; 0 failed; 0 ignored; 0 measured; 0 filtered out; finished in 0.00s

   Doc-tests learning

running 0 tests

test result: ok. 0 passed; 0 failed; 0 ignored; 0 measured; 0 filtered out; finished in 0.00s

   Doc-tests memory

running 0 tests

test result: ok. 0 passed; 0 failed; 0 ignored; 0 measured; 0 filtered out; finished in 0.00s

   Doc-tests neural

running 0 tests

test result: ok. 0 passed; 0 failed; 0 ignored; 0 measured; 0 filtered out; finished in 0.00s

   Doc-tests omniforge

running 0 tests

test result: ok. 0 passed; 0 failed; 0 ignored; 0 measured; 0 filtered out; finished in 0.00s

   Doc-tests perception

running 0 tests

test result: ok. 0 passed; 0 failed; 0 ignored; 0 measured; 0 filtered out; finished in 0.00s

   Doc-tests runtime

running 0 tests

test result: ok. 0 passed; 0 failed; 0 ignored; 0 measured; 0 filtered out; finished in 0.00s
